0 verbose cli /opt/homebrew/Cellar/node/25.6.1/bin/node /opt/homebrew/bin/npm
1 info using npm@11.9.0
2 info using node@v25.6.1
3 silly config load:file:/opt/homebrew/lib/node_modules/npm/npmrc
4 silly config load:file:/Users/shivam/Desktop/aditi/.npmrc
5 silly config load:file:/Users/shivam/.npmrc
6 silly config load:file:/opt/homebrew/etc/npmrc
7 verbose title npm create vite@latest frontend --template react
8 verbose argv "create" "vite@latest" "frontend" "--" "--template" "react"
9 verbose logfile logs-max:10 dir:/Users/shivam/Desktop/aditi/.npm-cache/_logs/2026-02-25T09_07_15_562Z-
10 verbose logfile /Users/shivam/Desktop/aditi/.npm-cache/_logs/2026-02-25T09_07_15_562Z-debug-0.log
11 silly logfile done cleaning log files
12 silly packumentCache heap:2348810240 maxSize:587202560 maxEntrySize:293601280
13 http fetch GET 200 https://registry.npmjs.org/create-vite 436ms (cache miss)
14 silly packumentCache heap:2348810240 maxSize:587202560 maxEntrySize:293601280
15 http fetch GET 200 https://registry.npmjs.org/npm 731ms
16 silly idealTree buildDeps
17 silly fetch manifest create-vite@8.3.0
18 silly packumentCache full:https://registry.npmjs.org/create-vite cache-miss
19 http fetch GET 200 https://registry.npmjs.org/create-vite 116ms (cache miss)
20 silly packumentCache full:https://registry.npmjs.org/create-vite set size:undefined disposed:false
21 silly placeDep ROOT create-vite@8.3.0 OK for:  want: 8.3.0
22 silly reify moves {}
23 silly audit bulk request { 'create-vite': [ '8.3.0' ] }
24 http cache create-vite@https://registry.npmjs.org/create-vite/-/create-vite-8.3.0.tgz 0ms (cache hit)
25 silly tarball no local data for create-vite@https://registry.npmjs.org/create-vite/-/create-vite-8.3.0.tgz. Extracting by manifest.
26 http fetch POST 200 https://registry.npmjs.org/-/npm/v1/security/advisories/bulk 297ms
27 silly audit report {}
28 http fetch GET 200 https://registry.npmjs.org/create-vite/-/create-vite-8.3.0.tgz 311ms (cache miss)
