0 verbose cli /opt/homebrew/Cellar/node/25.6.1/bin/node /opt/homebrew/bin/npm
1 info using npm@11.9.0
2 info using node@v25.6.1
3 silly config load:file:/opt/homebrew/lib/node_modules/npm/npmrc
4 silly config load:file:/Users/shivam/Desktop/aditi/frontend/.npmrc
5 silly config load:file:/Users/shivam/.npmrc
6 silly config load:file:/opt/homebrew/etc/npmrc
7 verbose title npm install react-router-dom axios
8 verbose argv "install" "react-router-dom" "axios"
9 verbose logfile logs-max:10 dir:/Users/shivam/Desktop/aditi/frontend/.npm-cache/_logs/2026-02-25T09_08_45_690Z-
10 verbose logfile /Users/shivam/Desktop/aditi/frontend/.npm-cache/_logs/2026-02-25T09_08_45_690Z-debug-0.log
11 silly logfile done cleaning log files
12 silly packumentCache heap:2348810240 maxSize:587202560 maxEntrySize:293601280
13 verbose shrinkwrap failed to load node_modules/.package-lock.json out of date, updated: node_modules
14 silly idealTree buildDeps
15 silly fetch manifest react-router-dom@*
16 silly packumentCache full:https://registry.npmjs.org/react-router-dom cache-miss
17 http fetch GET 200 https://registry.npmjs.org/npm 640ms
18 http fetch GET 200 https://registry.npmjs.org/react-router-dom 640ms (cache miss)
19 silly packumentCache full:https://registry.npmjs.org/react-router-dom set size:undefined disposed:false
20 silly fetch manifest react@^19.2.0
21 silly packumentCache full:https://registry.npmjs.org/react cache-miss
22 http fetch GET 200 https://registry.npmjs.org/react 532ms (cache miss)
23 silly packumentCache full:https://registry.npmjs.org/react set size:undefined disposed:false
24 silly fetch manifest react-dom@^19.2.0
25 silly packumentCache full:https://registry.npmjs.org/react-dom cache-miss
26 http fetch GET 200 https://registry.npmjs.org/react-dom 411ms (cache miss)
27 silly packumentCache full:https://registry.npmjs.org/react-dom set size:undefined disposed:false
28 silly fetch manifest axios@*
29 silly packumentCache full:https://registry.npmjs.org/axios cache-miss
30 http fetch GET 200 https://registry.npmjs.org/axios 133ms (cache miss)
31 silly packumentCache full:https://registry.npmjs.org/axios set size:undefined disposed:false
32 silly placeDep ROOT axios@1.13.5 OK for: frontend@0.0.0 want: *
33 silly placeDep ROOT react-router-dom@7.13.1 OK for: frontend@0.0.0 want: *
34 silly fetch manifest form-data@^4.0.5
35 silly packumentCache full:https://registry.npmjs.org/form-data cache-miss
36 silly fetch manifest proxy-from-env@^1.1.0
37 silly packumentCache full:https://registry.npmjs.org/proxy-from-env cache-miss
38 silly fetch manifest follow-redirects@^1.15.11
39 silly packumentCache full:https://registry.npmjs.org/follow-redirects cache-miss
40 silly fetch manifest react-router@7.13.1
41 silly packumentCache full:https://registry.npmjs.org/react-router cache-miss
42 http fetch GET 200 https://registry.npmjs.org/proxy-from-env 164ms (cache miss)
43 silly packumentCache full:https://registry.npmjs.org/proxy-from-env set size:undefined disposed:false
44 http fetch GET 200 https://registry.npmjs.org/form-data 166ms (cache miss)
45 silly packumentCache full:https://registry.npmjs.org/form-data set size:undefined disposed:false
46 http fetch GET 200 https://registry.npmjs.org/follow-redirects 523ms (cache miss)
47 silly packumentCache full:https://registry.npmjs.org/follow-redirects set size:undefined disposed:false
48 http fetch GET 200 https://registry.npmjs.org/react-router 848ms (cache miss)
49 silly packumentCache full:https://registry.npmjs.org/react-router set size:undefined disposed:false
50 silly placeDep ROOT follow-redirects@1.15.11 OK for: axios@1.13.5 want: ^1.15.11
51 silly placeDep ROOT form-data@4.0.5 OK for: axios@1.13.5 want: ^4.0.5
52 silly placeDep ROOT proxy-from-env@1.1.0 OK for: axios@1.13.5 want: ^1.1.0
53 silly fetch manifest asynckit@^0.4.0
54 silly packumentCache full:https://registry.npmjs.org/asynckit cache-miss
55 silly fetch manifest combined-stream@^1.0.8
56 silly packumentCache full:https://registry.npmjs.org/combined-stream cache-miss
57 silly fetch manifest es-set-tostringtag@^2.1.0
58 silly packumentCache full:https://registry.npmjs.org/es-set-tostringtag cache-miss
59 silly fetch manifest hasown@^2.0.2
60 silly packumentCache full:https://registry.npmjs.org/hasown cache-miss
61 silly fetch manifest mime-types@^2.1.12
62 silly packumentCache full:https://registry.npmjs.org/mime-types cache-miss
63 http fetch GET 200 https://registry.npmjs.org/combined-stream 123ms (cache miss)
64 silly packumentCache full:https://registry.npmjs.org/combined-stream set size:undefined disposed:false
65 http fetch GET 200 https://registry.npmjs.org/es-set-tostringtag 132ms (cache miss)
66 silly packumentCache full:https://registry.npmjs.org/es-set-tostringtag set size:undefined disposed:false
67 http fetch GET 200 https://registry.npmjs.org/hasown 133ms (cache miss)
68 silly packumentCache full:https://registry.npmjs.org/hasown set size:undefined disposed:false
69 http fetch GET 200 https://registry.npmjs.org/asynckit 134ms (cache miss)
70 silly packumentCache full:https://registry.npmjs.org/asynckit set size:undefined disposed:false
71 http fetch GET 200 https://registry.npmjs.org/mime-types 355ms (cache miss)
72 silly packumentCache full:https://registry.npmjs.org/mime-types set size:undefined disposed:false
73 silly placeDep ROOT asynckit@0.4.0 OK for: form-data@4.0.5 want: ^0.4.0
74 silly placeDep ROOT combined-stream@1.0.8 OK for: form-data@4.0.5 want: ^1.0.8
75 silly placeDep ROOT es-set-tostringtag@2.1.0 OK for: form-data@4.0.5 want: ^2.1.0
76 silly placeDep ROOT hasown@2.0.2 OK for: form-data@4.0.5 want: ^2.0.2
77 silly placeDep ROOT mime-types@2.1.35 OK for: form-data@4.0.5 want: ^2.1.12
78 silly fetch manifest delayed-stream@~1.0.0
79 silly packumentCache full:https://registry.npmjs.org/delayed-stream cache-miss
80 silly fetch manifest es-errors@^1.3.0
81 silly packumentCache full:https://registry.npmjs.org/es-errors cache-miss
82 silly fetch manifest get-intrinsic@^1.2.6
83 silly packumentCache full:https://registry.npmjs.org/get-intrinsic cache-miss
84 silly fetch manifest has-tostringtag@^1.0.2
85 silly packumentCache full:https://registry.npmjs.org/has-tostringtag cache-miss
86 silly fetch manifest function-bind@^1.1.2
87 silly packumentCache full:https://registry.npmjs.org/function-bind cache-miss
88 silly fetch manifest mime-db@1.52.0
89 silly packumentCache full:https://registry.npmjs.org/mime-db cache-miss
90 http fetch GET 200 https://registry.npmjs.org/delayed-stream 99ms (cache miss)
91 silly packumentCache full:https://registry.npmjs.org/delayed-stream set size:undefined disposed:false
92 http fetch GET 200 https://registry.npmjs.org/function-bind 99ms (cache miss)
93 silly packumentCache full:https://registry.npmjs.org/function-bind set size:undefined disposed:false
94 http fetch GET 200 https://registry.npmjs.org/get-intrinsic 105ms (cache miss)
95 silly packumentCache full:https://registry.npmjs.org/get-intrinsic set size:undefined disposed:false
96 http fetch GET 200 https://registry.npmjs.org/es-errors 107ms (cache miss)
97 silly packumentCache full:https://registry.npmjs.org/es-errors set size:undefined disposed:false
98 http fetch GET 200 https://registry.npmjs.org/has-tostringtag 112ms (cache miss)
99 silly packumentCache full:https://registry.npmjs.org/has-tostringtag set size:undefined disposed:false
100 http fetch GET 200 https://registry.npmjs.org/mime-db 279ms (cache miss)
101 silly packumentCache full:https://registry.npmjs.org/mime-db set size:undefined disposed:false
102 silly placeDep ROOT delayed-stream@1.0.0 OK for: combined-stream@1.0.8 want: ~1.0.0
103 silly placeDep ROOT es-errors@1.3.0 OK for: es-set-tostringtag@2.1.0 want: ^1.3.0
104 silly placeDep ROOT get-intrinsic@1.3.0 OK for: es-set-tostringtag@2.1.0 want: ^1.2.6
105 silly placeDep ROOT has-tostringtag@1.0.2 OK for: es-set-tostringtag@2.1.0 want: ^1.0.2
106 silly fetch manifest gopd@^1.2.0
107 silly packumentCache full:https://registry.npmjs.org/gopd cache-miss
108 silly fetch manifest get-proto@^1.0.1
109 silly packumentCache full:https://registry.npmjs.org/get-proto cache-miss
110 silly fetch manifest has-symbols@^1.1.0
111 silly packumentCache full:https://registry.npmjs.org/has-symbols cache-miss
112 silly fetch manifest es-object-atoms@^1.1.1
113 silly packumentCache full:https://registry.npmjs.org/es-object-atoms cache-miss
114 silly fetch manifest math-intrinsics@^1.1.0
115 silly packumentCache full:https://registry.npmjs.org/math-intrinsics cache-miss
116 silly fetch manifest es-define-property@^1.0.1
117 silly packumentCache full:https://registry.npmjs.org/es-define-property cache-miss
118 silly fetch manifest call-bind-apply-helpers@^1.0.2
119 silly packumentCache full:https://registry.npmjs.org/call-bind-apply-helpers cache-miss
120 http fetch GET 200 https://registry.npmjs.org/get-proto 102ms (cache miss)
121 silly packumentCache full:https://registry.npmjs.org/get-proto set size:undefined disposed:false
122 silly fetch manifest has-symbols@^1.0.3
123 silly packumentCache full:https://registry.npmjs.org/has-symbols cache-miss
124 http fetch GET 200 https://registry.npmjs.org/has-symbols 104ms (cache miss)
125 silly packumentCache full:https://registry.npmjs.org/has-symbols set size:undefined disposed:false
126 http fetch GET 200 https://registry.npmjs.org/es-define-property 104ms (cache miss)
127 silly packumentCache full:https://registry.npmjs.org/es-define-property set size:undefined disposed:false
128 http cache https://registry.npmjs.org/has-symbols 11ms (cache hit)
129 silly packumentCache full:https://registry.npmjs.org/has-symbols set size:21550 disposed:false
130 http fetch GET 200 https://registry.npmjs.org/gopd 118ms (cache miss)
131 silly packumentCache full:https://registry.npmjs.org/gopd set size:undefined disposed:false
132 http fetch GET 200 https://registry.npmjs.org/es-object-atoms 209ms (cache miss)
133 silly packumentCache full:https://registry.npmjs.org/es-object-atoms set size:undefined disposed:false
134 http fetch GET 200 https://registry.npmjs.org/math-intrinsics 210ms (cache miss)
135 silly packumentCache full:https://registry.npmjs.org/math-intrinsics set size:undefined disposed:false
136 http fetch GET 200 https://registry.npmjs.org/call-bind-apply-helpers 360ms (cache miss)
137 silly packumentCache full:https://registry.npmjs.org/call-bind-apply-helpers set size:undefined disposed:false
138 silly placeDep ROOT call-bind-apply-helpers@1.0.2 OK for: get-intrinsic@1.3.0 want: ^1.0.2
139 silly placeDep ROOT es-define-property@1.0.1 OK for: get-intrinsic@1.3.0 want: ^1.0.1
140 silly placeDep ROOT es-object-atoms@1.1.1 OK for: get-intrinsic@1.3.0 want: ^1.1.1
141 silly placeDep ROOT function-bind@1.1.2 OK for: get-intrinsic@1.3.0 want: ^1.1.2
142 silly placeDep ROOT get-proto@1.0.1 OK for: get-intrinsic@1.3.0 want: ^1.0.1
143 silly placeDep ROOT gopd@1.2.0 OK for: get-intrinsic@1.3.0 want: ^1.2.0
144 silly placeDep ROOT has-symbols@1.1.0 OK for: get-intrinsic@1.3.0 want: ^1.1.0
145 silly placeDep ROOT math-intrinsics@1.1.0 OK for: get-intrinsic@1.3.0 want: ^1.1.0
146 silly fetch manifest dunder-proto@^1.0.1
147 silly packumentCache full:https://registry.npmjs.org/dunder-proto cache-miss
148 http fetch GET 200 https://registry.npmjs.org/dunder-proto 68ms (cache miss)
149 silly packumentCache full:https://registry.npmjs.org/dunder-proto set size:undefined disposed:false
150 silly placeDep ROOT dunder-proto@1.0.1 OK for: get-proto@1.0.1 want: ^1.0.1
151 silly placeDep ROOT mime-db@1.52.0 OK for: mime-types@2.1.35 want: 1.52.0
152 silly fetch manifest react@>=18
153 silly packumentCache full:https://registry.npmjs.org/react cache-miss
154 http cache https://registry.npmjs.org/react 14ms (cache hit)
155 silly packumentCache full:https://registry.npmjs.org/react set size:6511974 disposed:false
156 silly fetch manifest react-dom@>=18
157 silly packumentCache full:https://registry.npmjs.org/react-dom cache-miss
158 http cache https://registry.npmjs.org/react-dom 14ms (cache hit)
159 silly packumentCache full:https://registry.npmjs.org/react-dom set size:8631101 disposed:false
160 silly placeDep ROOT react-router@7.13.1 OK for: react-router-dom@7.13.1 want: 7.13.1
161 silly fetch manifest cookie@^1.0.1
162 silly packumentCache full:https://registry.npmjs.org/cookie cache-miss
163 silly fetch manifest set-cookie-parser@^2.6.0
164 silly packumentCache full:https://registry.npmjs.org/set-cookie-parser cache-miss
165 http fetch GET 200 https://registry.npmjs.org/cookie 105ms (cache miss)
166 silly packumentCache full:https://registry.npmjs.org/cookie set size:undefined disposed:false
167 http fetch GET 200 https://registry.npmjs.org/set-cookie-parser 109ms (cache miss)
168 silly packumentCache full:https://registry.npmjs.org/set-cookie-parser set size:undefined disposed:false
169 silly placeDep ROOT cookie@1.1.1 OK for: react-router@7.13.1 want: ^1.0.1
170 silly placeDep ROOT set-cookie-parser@2.7.2 OK for: react-router@7.13.1 want: ^2.6.0
171 silly reify moves {}
172 silly audit bulk request {
172 silly audit   '@babel/code-frame': [ '7.29.0' ],
172 silly audit   '@babel/compat-data': [ '7.29.0' ],
172 silly audit   '@babel/core': [ '7.29.0' ],
172 silly audit   '@babel/generator': [ '7.29.1' ],
172 silly audit   '@babel/helper-compilation-targets': [ '7.28.6' ],
172 silly audit   '@babel/helper-globals': [ '7.28.0' ],
172 silly audit   '@babel/helper-module-imports': [ '7.28.6' ],
172 silly audit   '@babel/helper-module-transforms': [ '7.28.6' ],
172 silly audit   '@babel/helper-plugin-utils': [ '7.28.6' ],
172 silly audit   '@babel/helper-string-parser': [ '7.27.1' ],
172 silly audit   '@babel/helper-validator-identifier': [ '7.28.5' ],
172 silly audit   '@babel/helper-validator-option': [ '7.27.1' ],
172 silly audit   '@babel/helpers': [ '7.28.6' ],
172 silly audit   '@babel/parser': [ '7.29.0' ],
172 silly audit   '@babel/plugin-transform-react-jsx-self': [ '7.27.1' ],
172 silly audit   '@babel/plugin-transform-react-jsx-source': [ '7.27.1' ],
172 silly audit   '@babel/template': [ '7.28.6' ],
172 silly audit   '@babel/traverse': [ '7.29.0' ],
172 silly audit   '@babel/types': [ '7.29.0' ],
172 silly audit   '@esbuild/aix-ppc64': [ '0.27.3' ],
172 silly audit   '@esbuild/android-arm': [ '0.27.3' ],
172 silly audit   '@esbuild/android-arm64': [ '0.27.3' ],
172 silly audit   '@esbuild/android-x64': [ '0.27.3' ],
172 silly audit   '@esbuild/darwin-arm64': [ '0.27.3' ],
172 silly audit   '@esbuild/darwin-x64': [ '0.27.3' ],
172 silly audit   '@esbuild/freebsd-arm64': [ '0.27.3' ],
172 silly audit   '@esbuild/freebsd-x64': [ '0.27.3' ],
172 silly audit   '@esbuild/linux-arm': [ '0.27.3' ],
172 silly audit   '@esbuild/linux-arm64': [ '0.27.3' ],
172 silly audit   '@esbuild/linux-ia32': [ '0.27.3' ],
172 silly audit   '@esbuild/linux-loong64': [ '0.27.3' ],
172 silly audit   '@esbuild/linux-mips64el': [ '0.27.3' ],
172 silly audit   '@esbuild/linux-ppc64': [ '0.27.3' ],
172 silly audit   '@esbuild/linux-riscv64': [ '0.27.3' ],
172 silly audit   '@esbuild/linux-s390x': [ '0.27.3' ],
172 silly audit   '@esbuild/linux-x64': [ '0.27.3' ],
172 silly audit   '@esbuild/netbsd-arm64': [ '0.27.3' ],
172 silly audit   '@esbuild/netbsd-x64': [ '0.27.3' ],
172 silly audit   '@esbuild/openbsd-arm64': [ '0.27.3' ],
172 silly audit   '@esbuild/openbsd-x64': [ '0.27.3' ],
172 silly audit   '@esbuild/openharmony-arm64': [ '0.27.3' ],
172 silly audit   '@esbuild/sunos-x64': [ '0.27.3' ],
172 silly audit   '@esbuild/win32-arm64': [ '0.27.3' ],
172 silly audit   '@esbuild/win32-ia32': [ '0.27.3' ],
172 silly audit   '@esbuild/win32-x64': [ '0.27.3' ],
172 silly audit   '@eslint-community/eslint-utils': [ '4.9.1' ],
172 silly audit   'eslint-visitor-keys': [ '3.4.3', '4.2.1' ],
172 silly audit   '@eslint-community/regexpp': [ '4.12.2' ],
172 silly audit   '@eslint/config-array': [ '0.21.1' ],
172 silly audit   '@eslint/config-helpers': [ '0.4.2' ],
172 silly audit   '@eslint/core': [ '0.17.0' ],
172 silly audit   '@eslint/eslintrc': [ '3.3.4' ],
172 silly audit   globals: [ '14.0.0', '16.5.0' ],
172 silly audit   '@eslint/js': [ '9.39.3' ],
172 silly audit   '@eslint/object-schema': [ '2.1.7' ],
172 silly audit   '@eslint/plugin-kit': [ '0.4.1' ],
172 silly audit   '@humanfs/core': [ '0.19.1' ],
172 silly audit   '@humanfs/node': [ '0.16.7' ],
172 silly audit   '@humanwhocodes/module-importer': [ '1.0.1' ],
172 silly audit   '@humanwhocodes/retry': [ '0.4.3' ],
172 silly audit   '@jridgewell/gen-mapping': [ '0.3.13' ],
172 silly audit   '@jridgewell/remapping': [ '2.3.5' ],
172 silly audit   '@jridgewell/resolve-uri': [ '3.1.2' ],
172 silly audit   '@jridgewell/sourcemap-codec': [ '1.5.5' ],
172 silly audit   '@jridgewell/trace-mapping': [ '0.3.31' ],
172 silly audit   '@rolldown/pluginutils': [ '1.0.0-rc.3' ],
172 silly audit   '@rollup/rollup-android-arm-eabi': [ '4.59.0' ],
172 silly audit   '@rollup/rollup-android-arm64': [ '4.59.0' ],
172 silly audit   '@rollup/rollup-darwin-arm64': [ '4.59.0' ],
172 silly audit   '@rollup/rollup-darwin-x64': [ '4.59.0' ],
172 silly audit   '@rollup/rollup-freebsd-arm64': [ '4.59.0' ],
172 silly audit   '@rollup/rollup-freebsd-x64': [ '4.59.0' ],
172 silly audit   '@rollup/rollup-linux-arm-gnueabihf': [ '4.59.0' ],
172 silly audit   '@rollup/rollup-linux-arm-musleabihf': [ '4.59.0' ],
172 silly audit   '@rollup/rollup-linux-arm64-gnu': [ '4.59.0' ],
172 silly audit   '@rollup/rollup-linux-arm64-musl': [ '4.59.0' ],
172 silly audit   '@rollup/rollup-linux-loong64-gnu': [ '4.59.0' ],
172 silly audit   '@rollup/rollup-linux-loong64-musl': [ '4.59.0' ],
172 silly audit   '@rollup/rollup-linux-ppc64-gnu': [ '4.59.0' ],
172 silly audit   '@rollup/rollup-linux-ppc64-musl': [ '4.59.0' ],
172 silly audit   '@rollup/rollup-linux-riscv64-gnu': [ '4.59.0' ],
172 silly audit   '@rollup/rollup-linux-riscv64-musl': [ '4.59.0' ],
172 silly audit   '@rollup/rollup-linux-s390x-gnu': [ '4.59.0' ],
172 silly audit   '@rollup/rollup-linux-x64-gnu': [ '4.59.0' ],
172 silly audit   '@rollup/rollup-linux-x64-musl': [ '4.59.0' ],
172 silly audit   '@rollup/rollup-openbsd-x64': [ '4.59.0' ],
172 silly audit   '@rollup/rollup-openharmony-arm64': [ '4.59.0' ],
172 silly audit   '@rollup/rollup-win32-arm64-msvc': [ '4.59.0' ],
172 silly audit   '@rollup/rollup-win32-ia32-msvc': [ '4.59.0' ],
172 silly audit   '@rollup/rollup-win32-x64-gnu': [ '4.59.0' ],
172 silly audit   '@rollup/rollup-win32-x64-msvc': [ '4.59.0' ],
172 silly audit   '@types/babel__core': [ '7.20.5' ],
172 silly audit   '@types/babel__generator': [ '7.27.0' ],
172 silly audit   '@types/babel__template': [ '7.4.4' ],
172 silly audit   '@types/babel__traverse': [ '7.28.0' ],
172 silly audit   '@types/estree': [ '1.0.8' ],
172 silly audit   '@types/json-schema': [ '7.0.15' ],
172 silly audit   '@types/react': [ '19.2.14' ],
172 silly audit   '@types/react-dom': [ '19.2.3' ],
172 silly audit   '@vitejs/plugin-react': [ '5.1.4' ],
172 silly audit   acorn: [ '8.16.0' ],
172 silly audit   'acorn-jsx': [ '5.3.2' ],
172 silly audit   ajv: [ '6.14.0' ],
172 silly audit   'ansi-styles': [ '4.3.0' ],
172 silly audit   argparse: [ '2.0.1' ],
172 silly audit   'balanced-match': [ '1.0.2' ],
172 silly audit   'baseline-browser-mapping': [ '2.10.0' ],
172 silly audit   'brace-expansion': [ '1.1.12' ],
172 silly audit   browserslist: [ '4.28.1' ],
172 silly audit   callsites: [ '3.1.0' ],
172 silly audit   'caniuse-lite': [ '1.0.30001774' ],
172 silly audit   chalk: [ '4.1.2' ],
172 silly audit   'color-convert': [ '2.0.1' ],
172 silly audit   'color-name': [ '1.1.4' ],
172 silly audit   'concat-map': [ '0.0.1' ],
172 silly audit   'convert-source-map': [ '2.0.0' ],
172 silly audit   'cross-spawn': [ '7.0.6' ],
172 silly audit   csstype: [ '3.2.3' ],
172 silly audit   debug: [ '4.4.3' ],
172 silly audit   'deep-is': [ '0.1.4' ],
172 silly audit   'electron-to-chromium': [ '1.5.302' ],
172 silly audit   esbuild: [ '0.27.3' ],
172 silly audit   escalade: [ '3.2.0' ],
172 silly audit   'escape-string-regexp': [ '4.0.0' ],
172 silly audit   eslint: [ '9.39.3' ],
172 silly audit   'eslint-plugin-react-hooks': [ '7.0.1' ],
172 silly audit   'eslint-plugin-react-refresh': [ '0.4.26' ],
172 silly audit   'eslint-scope': [ '8.4.0' ],
172 silly audit   espree: [ '10.4.0' ],
172 silly audit   esquery: [ '1.7.0' ],
172 silly audit   esrecurse: [ '4.3.0' ],
172 silly audit   estraverse: [ '5.3.0' ],
172 silly audit   esutils: [ '2.0.3' ],
172 silly audit   'fast-deep-equal': [ '3.1.3' ],
172 silly audit   'fast-json-stable-stringify': [ '2.1.0' ],
172 silly audit   'fast-levenshtein': [ '2.0.6' ],
172 silly audit   fdir: [ '6.5.0' ],
172 silly audit   'file-entry-cache': [ '8.0.0' ],
172 silly audit   'find-up': [ '5.0.0' ],
172 silly audit   'flat-cache': [ '4.0.1' ],
172 silly audit   flatted: [ '3.3.3' ],
172 silly audit   fsevents: [ '2.3.3' ],
172 silly audit   gensync: [ '1.0.0-beta.2' ],
172 silly audit   'glob-parent': [ '6.0.2' ],
172 silly audit   'has-flag': [ '4.0.0' ],
172 silly audit   'hermes-estree': [ '0.25.1' ],
172 silly audit   'hermes-parser': [ '0.25.1' ],
172 silly audit   ignore: [ '5.3.2' ],
172 silly audit   'import-fresh': [ '3.3.1' ],
172 silly audit   imurmurhash: [ '0.1.4' ],
172 silly audit   'is-extglob': [ '2.1.1' ],
172 silly audit   'is-glob': [ '4.0.3' ],
172 silly audit   isexe: [ '2.0.0' ],
172 silly audit   'js-tokens': [ '4.0.0' ],
172 silly audit   'js-yaml': [ '4.1.1' ],
172 silly audit   jsesc: [ '3.1.0' ],
172 silly audit   'json-buffer': [ '3.0.1' ],
172 silly audit   'json-schema-traverse': [ '0.4.1' ],
172 silly audit   'json-stable-stringify-without-jsonify': [ '1.0.1' ],
172 silly audit   json5: [ '2.2.3' ],
172 silly audit   keyv: [ '4.5.4' ],
172 silly audit   levn: [ '0.4.1' ],
172 silly audit   'locate-path': [ '6.0.0' ],
172 silly audit   'lodash.merge': [ '4.6.2' ],
172 silly audit   'lru-cache': [ '5.1.1' ],
172 silly audit   minimatch: [ '3.1.4' ],
172 silly audit   ms: [ '2.1.3' ],
172 silly audit   nanoid: [ '3.3.11' ],
172 silly audit   'natural-compare': [ '1.4.0' ],
172 silly audit   'node-releases': [ '2.0.27' ],
172 silly audit   optionator: [ '0.9.4' ],
172 silly audit   'p-limit': [ '3.1.0' ],
172 silly audit   'p-locate': [ '5.0.0' ],
172 silly audit   'parent-module': [ '1.0.1' ],
172 silly audit   'path-exists': [ '4.0.0' ],
172 silly audit   'path-key': [ '3.1.1' ],
172 silly audit   picocolors: [ '1.1.1' ],
172 silly audit   picomatch: [ '4.0.3' ],
172 silly audit   postcss: [ '8.5.6' ],
172 silly audit   'prelude-ls': [ '1.2.1' ],
172 silly audit   punycode: [ '2.3.1' ],
172 silly audit   react: [ '19.2.4' ],
172 silly audit   'react-dom': [ '19.2.4' ],
172 silly audit   'react-refresh': [ '0.18.0' ],
172 silly audit   'resolve-from': [ '4.0.0' ],
172 silly audit   rollup: [ '4.59.0' ],
172 silly audit   scheduler: [ '0.27.0' ],
172 silly audit   semver: [ '6.3.1' ],
172 silly audit   'shebang-command': [ '2.0.0' ],
172 silly audit   'shebang-regex': [ '3.0.0' ],
172 silly audit   'source-map-js': [ '1.2.1' ],
172 silly audit   'strip-json-comments': [ '3.1.1' ],
172 silly audit   'supports-color': [ '7.2.0' ],
172 silly audit   tinyglobby: [ '0.2.15' ],
172 silly audit   'type-check': [ '0.4.0' ],
172 silly audit   'update-browserslist-db': [ '1.2.3' ],
172 silly audit   'uri-js': [ '4.4.1' ],
172 silly audit   vite: [ '7.3.1' ],
172 silly audit   which: [ '2.0.2' ],
172 silly audit   'word-wrap': [ '1.2.5' ],
172 silly audit   yallist: [ '3.1.1' ],
172 silly audit   'yocto-queue': [ '0.1.0' ],
172 silly audit   zod: [ '4.3.6' ],
172 silly audit   'zod-validation-error': [ '4.0.2' ],
172 silly audit   axios: [ '1.13.5' ],
172 silly audit   'react-router-dom': [ '7.13.1' ],
172 silly audit   'follow-redirects': [ '1.15.11' ],
172 silly audit   'form-data': [ '4.0.5' ],
172 silly audit   'proxy-from-env': [ '1.1.0' ],
172 silly audit   asynckit: [ '0.4.0' ],
172 silly audit   'combined-stream': [ '1.0.8' ],
172 silly audit   'es-set-tostringtag': [ '2.1.0' ],
172 silly audit   hasown: [ '2.0.2' ],
172 silly audit   'mime-types': [ '2.1.35' ],
172 silly audit   'delayed-stream': [ '1.0.0' ],
172 silly audit   'es-errors': [ '1.3.0' ],
172 silly audit   'get-intrinsic': [ '1.3.0' ],
172 silly audit   'has-tostringtag': [ '1.0.2' ],
172 silly audit   'call-bind-apply-helpers': [ '1.0.2' ],
172 silly audit   'es-define-property': [ '1.0.1' ],
172 silly audit   'es-object-atoms': [ '1.1.1' ],
172 silly audit   'function-bind': [ '1.1.2' ],
172 silly audit   'get-proto': [ '1.0.1' ],
172 silly audit   gopd: [ '1.2.0' ],
172 silly audit   'has-symbols': [ '1.1.0' ],
172 silly audit   'math-intrinsics': [ '1.1.0' ],
172 silly audit   'dunder-proto': [ '1.0.1' ],
172 silly audit   'mime-db': [ '1.52.0' ],
172 silly audit   'react-router': [ '7.13.1' ],
172 silly audit   cookie: [ '1.1.1' ],
172 silly audit   'set-cookie-parser': [ '2.7.2' ]
172 silly audit }
173 http cache set-cookie-parser@https://registry.npmjs.org/set-cookie-parser/-/set-cookie-parser-2.7.2.tgz 0ms (cache hit)
174 http cache cookie@https://registry.npmjs.org/cookie/-/cookie-1.1.1.tgz 0ms (cache hit)
175 http cache mime-db@https://registry.npmjs.org/mime-db/-/mime-db-1.52.0.tgz 0ms (cache hit)
176 http cache react-router@https://registry.npmjs.org/react-router/-/react-router-7.13.1.tgz 0ms (cache hit)
177 http cache dunder-proto@https://registry.npmjs.org/dunder-proto/-/dunder-proto-1.0.1.tgz 0ms (cache hit)
178 http cache math-intrinsics@https://registry.npmjs.org/math-intrinsics/-/math-intrinsics-1.1.0.tgz 0ms (cache hit)
179 http cache has-symbols@https://registry.npmjs.org/has-symbols/-/has-symbols-1.1.0.tgz 0ms (cache hit)
180 http cache gopd@https://registry.npmjs.org/gopd/-/gopd-1.2.0.tgz 0ms (cache hit)
181 http cache get-proto@https://registry.npmjs.org/get-proto/-/get-proto-1.0.1.tgz 0ms (cache hit)
182 http cache function-bind@https://registry.npmjs.org/function-bind/-/function-bind-1.1.2.tgz 0ms (cache hit)
183 http cache es-object-atoms@https://registry.npmjs.org/es-object-atoms/-/es-object-atoms-1.1.1.tgz 0ms (cache hit)
184 http cache call-bind-apply-helpers@https://registry.npmjs.org/call-bind-apply-helpers/-/call-bind-apply-helpers-1.0.2.tgz 0ms (cache hit)
185 http cache es-define-property@https://registry.npmjs.org/es-define-property/-/es-define-property-1.0.1.tgz 0ms (cache hit)
186 http cache get-intrinsic@https://registry.npmjs.org/get-intrinsic/-/get-intrinsic-1.3.0.tgz 0ms (cache hit)
187 http cache delayed-stream@https://registry.npmjs.org/delayed-stream/-/delayed-stream-1.0.0.tgz 0ms (cache hit)
188 http cache mime-types@https://registry.npmjs.org/mime-types/-/mime-types-2.1.35.tgz 0ms (cache hit)
189 http cache has-tostringtag@https://registry.npmjs.org/has-tostringtag/-/has-tostringtag-1.0.2.tgz 0ms (cache hit)
190 http cache hasown@https://registry.npmjs.org/hasown/-/hasown-2.0.2.tgz 0ms (cache hit)
191 http cache es-set-tostringtag@https://registry.npmjs.org/es-set-tostringtag/-/es-set-tostringtag-2.1.0.tgz 0ms (cache hit)
192 http cache combined-stream@https://registry.npmjs.org/combined-stream/-/combined-stream-1.0.8.tgz 0ms (cache hit)
193 http cache asynckit@https://registry.npmjs.org/asynckit/-/asynckit-0.4.0.tgz 0ms (cache hit)
194 http cache proxy-from-env@https://registry.npmjs.org/proxy-from-env/-/proxy-from-env-1.1.0.tgz 0ms (cache hit)
195 http cache form-data@https://registry.npmjs.org/form-data/-/form-data-4.0.5.tgz 0ms (cache hit)
196 http cache follow-redirects@https://registry.npmjs.org/follow-redirects/-/follow-redirects-1.15.11.tgz 0ms (cache hit)
197 http cache react-router-dom@https://registry.npmjs.org/react-router-dom/-/react-router-dom-7.13.1.tgz 0ms (cache hit)
198 http cache axios@https://registry.npmjs.org/axios/-/axios-1.13.5.tgz 0ms (cache hit)
199 http cache fsevents@https://registry.npmjs.org/fsevents/-/fsevents-2.3.3.tgz 0ms (cache hit)
200 http cache es-errors@https://registry.npmjs.org/es-errors/-/es-errors-1.3.0.tgz 0ms (cache hit)
201 silly tarball no local data for set-cookie-parser@https://registry.npmjs.org/set-cookie-parser/-/set-cookie-parser-2.7.2.tgz. Extracting by manifest.
202 silly tarball no local data for cookie@https://registry.npmjs.org/cookie/-/cookie-1.1.1.tgz. Extracting by manifest.
203 silly tarball no local data for mime-db@https://registry.npmjs.org/mime-db/-/mime-db-1.52.0.tgz. Extracting by manifest.
204 silly tarball no local data for react-router@https://registry.npmjs.org/react-router/-/react-router-7.13.1.tgz. Extracting by manifest.
205 silly tarball no local data for dunder-proto@https://registry.npmjs.org/dunder-proto/-/dunder-proto-1.0.1.tgz. Extracting by manifest.
206 silly tarball no local data for math-intrinsics@https://registry.npmjs.org/math-intrinsics/-/math-intrinsics-1.1.0.tgz. Extracting by manifest.
207 silly tarball no local data for has-symbols@https://registry.npmjs.org/has-symbols/-/has-symbols-1.1.0.tgz. Extracting by manifest.
208 silly tarball no local data for gopd@https://registry.npmjs.org/gopd/-/gopd-1.2.0.tgz. Extracting by manifest.
209 silly tarball no local data for get-proto@https://registry.npmjs.org/get-proto/-/get-proto-1.0.1.tgz. Extracting by manifest.
210 silly tarball no local data for function-bind@https://registry.npmjs.org/function-bind/-/function-bind-1.1.2.tgz. Extracting by manifest.
211 silly tarball no local data for es-object-atoms@https://registry.npmjs.org/es-object-atoms/-/es-object-atoms-1.1.1.tgz. Extracting by manifest.
212 silly tarball no local data for call-bind-apply-helpers@https://registry.npmjs.org/call-bind-apply-helpers/-/call-bind-apply-helpers-1.0.2.tgz. Extracting by manifest.
213 silly tarball no local data for es-define-property@https://registry.npmjs.org/es-define-property/-/es-define-property-1.0.1.tgz. Extracting by manifest.
214 silly tarball no local data for get-intrinsic@https://registry.npmjs.org/get-intrinsic/-/get-intrinsic-1.3.0.tgz. Extracting by manifest.
215 silly tarball no local data for delayed-stream@https://registry.npmjs.org/delayed-stream/-/delayed-stream-1.0.0.tgz. Extracting by manifest.
216 silly tarball no local data for mime-types@https://registry.npmjs.org/mime-types/-/mime-types-2.1.35.tgz. Extracting by manifest.
217 silly tarball no local data for has-tostringtag@https://registry.npmjs.org/has-tostringtag/-/has-tostringtag-1.0.2.tgz. Extracting by manifest.
218 silly tarball no local data for hasown@https://registry.npmjs.org/hasown/-/hasown-2.0.2.tgz. Extracting by manifest.
219 silly tarball no local data for es-set-tostringtag@https://registry.npmjs.org/es-set-tostringtag/-/es-set-tostringtag-2.1.0.tgz. Extracting by manifest.
220 silly tarball no local data for combined-stream@https://registry.npmjs.org/combined-stream/-/combined-stream-1.0.8.tgz. Extracting by manifest.
221 silly tarball no local data for asynckit@https://registry.npmjs.org/asynckit/-/asynckit-0.4.0.tgz. Extracting by manifest.
222 silly tarball no local data for proxy-from-env@https://registry.npmjs.org/proxy-from-env/-/proxy-from-env-1.1.0.tgz. Extracting by manifest.
223 silly tarball no local data for form-data@https://registry.npmjs.org/form-data/-/form-data-4.0.5.tgz. Extracting by manifest.
224 silly tarball no local data for follow-redirects@https://registry.npmjs.org/follow-redirects/-/follow-redirects-1.15.11.tgz. Extracting by manifest.
225 silly tarball no local data for react-router-dom@https://registry.npmjs.org/react-router-dom/-/react-router-dom-7.13.1.tgz. Extracting by manifest.
226 silly tarball no local data for axios@https://registry.npmjs.org/axios/-/axios-1.13.5.tgz. Extracting by manifest.
227 silly tarball no local data for fsevents@https://registry.npmjs.org/fsevents/-/fsevents-2.3.3.tgz. Extracting by manifest.
228 silly tarball no local data for es-errors@https://registry.npmjs.org/es-errors/-/es-errors-1.3.0.tgz. Extracting by manifest.
229 http fetch GET 200 https://registry.npmjs.org/mime-db/-/mime-db-1.52.0.tgz 172ms (cache miss)
230 http fetch GET 200 https://registry.npmjs.org/dunder-proto/-/dunder-proto-1.0.1.tgz 172ms (cache miss)
231 http fetch GET 200 https://registry.npmjs.org/cookie/-/cookie-1.1.1.tgz 174ms (cache miss)
232 http fetch GET 200 https://registry.npmjs.org/set-cookie-parser/-/set-cookie-parser-2.7.2.tgz 175ms (cache miss)
233 http fetch GET 200 https://registry.npmjs.org/math-intrinsics/-/math-intrinsics-1.1.0.tgz 176ms (cache miss)
234 http fetch GET 200 https://registry.npmjs.org/mime-types/-/mime-types-2.1.35.tgz 250ms (cache miss)
235 http fetch GET 200 https://registry.npmjs.org/delayed-stream/-/delayed-stream-1.0.0.tgz 262ms (cache miss)
236 http fetch GET 200 https://registry.npmjs.org/hasown/-/hasown-2.0.2.tgz 261ms (cache miss)
237 http fetch GET 200 https://registry.npmjs.org/has-tostringtag/-/has-tostringtag-1.0.2.tgz 268ms (cache miss)
238 http fetch GET 200 https://registry.npmjs.org/es-set-tostringtag/-/es-set-tostringtag-2.1.0.tgz 282ms (cache miss)
239 http fetch GET 200 https://registry.npmjs.org/asynckit/-/asynckit-0.4.0.tgz 333ms (cache miss)
240 http fetch GET 200 https://registry.npmjs.org/combined-stream/-/combined-stream-1.0.8.tgz 335ms (cache miss)
241 http fetch GET 200 https://registry.npmjs.org/form-data/-/form-data-4.0.5.tgz 366ms (cache miss)
242 http fetch GET 200 https://registry.npmjs.org/es-define-property/-/es-define-property-1.0.1.tgz 370ms (cache miss)
243 http fetch POST 200 https://registry.npmjs.org/-/npm/v1/security/advisories/bulk 381ms
244 silly audit report {}
245 http fetch GET 200 https://registry.npmjs.org/es-object-atoms/-/es-object-atoms-1.1.1.tgz 371ms (cache miss)
246 http fetch GET 200 https://registry.npmjs.org/get-proto/-/get-proto-1.0.1.tgz 372ms (cache miss)
247 http fetch GET 200 https://registry.npmjs.org/get-intrinsic/-/get-intrinsic-1.3.0.tgz 373ms (cache miss)
248 http fetch GET 200 https://registry.npmjs.org/proxy-from-env/-/proxy-from-env-1.1.0.tgz 373ms (cache miss)
249 http fetch GET 200 https://registry.npmjs.org/has-symbols/-/has-symbols-1.1.0.tgz 376ms (cache miss)
250 http fetch GET 200 https://registry.npmjs.org/follow-redirects/-/follow-redirects-1.15.11.tgz 389ms (cache miss)
251 http fetch GET 200 https://registry.npmjs.org/gopd/-/gopd-1.2.0.tgz 400ms (cache miss)
252 http fetch GET 200 https://registry.npmjs.org/react-router/-/react-router-7.13.1.tgz 411ms (cache miss)
253 http fetch GET 200 https://registry.npmjs.org/react-router-dom/-/react-router-dom-7.13.1.tgz 411ms (cache miss)
254 http fetch GET 200 https://registry.npmjs.org/call-bind-apply-helpers/-/call-bind-apply-helpers-1.0.2.tgz 428ms (cache miss)
255 http fetch GET 200 https://registry.npmjs.org/function-bind/-/function-bind-1.1.2.tgz 437ms (cache miss)
256 http fetch GET 200 https://registry.npmjs.org/fsevents/-/fsevents-2.3.3.tgz 479ms (cache miss)
257 http fetch GET 200 https://registry.npmjs.org/es-errors/-/es-errors-1.3.0.tgz 480ms (cache miss)
258 http fetch GET 200 https://registry.npmjs.org/axios/-/axios-1.13.5.tgz 2054ms (cache miss)
259 silly ADD node_modules/set-cookie-parser
260 silly ADD node_modules/cookie
261 silly ADD node_modules/react-router
262 silly ADD node_modules/mime-db
263 silly ADD node_modules/dunder-proto
264 silly ADD node_modules/math-intrinsics
265 silly ADD node_modules/has-symbols
266 silly ADD node_modules/gopd
267 silly ADD node_modules/get-proto
268 silly ADD node_modules/function-bind
269 silly ADD node_modules/es-object-atoms
270 silly ADD node_modules/es-define-property
271 silly ADD node_modules/call-bind-apply-helpers
272 silly ADD node_modules/has-tostringtag
273 silly ADD node_modules/get-intrinsic
274 silly ADD node_modules/es-errors
275 silly ADD node_modules/delayed-stream
276 silly ADD node_modules/mime-types
277 silly ADD node_modules/hasown
278 silly ADD node_modules/es-set-tostringtag
279 silly ADD node_modules/combined-stream
280 silly ADD node_modules/asynckit
281 silly ADD node_modules/proxy-from-env
282 silly ADD node_modules/form-data
283 silly ADD node_modules/follow-redirects
284 silly ADD node_modules/react-router-dom
285 silly ADD node_modules/axios
286 silly ADD node_modules/fsevents
287 verbose cwd /Users/shivam/Desktop/aditi/frontend
288 verbose os Darwin 25.3.0
289 verbose node v25.6.1
290 verbose npm  v11.9.0
291 notice
291 notice New [33mminor[39m version of npm available! [33m11.9.0[39m -> [34m11.10.1[39m
291 notice Changelog: [34mhttps://github.com/npm/cli/releases/tag/v11.10.1[39m
291 notice To update run: [4mnpm install -g npm@11.10.1[24m
291 notice  { force: true, Symbol(proc-log.meta): true }
292 verbose exit 0
293 info ok
